// Jest Snapshot v1, https://goo.gl/fbAQLP

exports[`Header component Match snapshot 1`] = `
<header
  className="header"
>
  <a
    href="/"
    onClick={[Function]}
  >
    <p
      className="header__logo"
    >
      VideoPlayer
    </p>
  </a>
  <div
    className="header__menu"
  >
    <div
      className="header__menu--profile"
    >
      <img
        alt=""
        src="test-file-stubs"
      />
      <p>
        Perfil
      </p>
    </div>
    <ul>
      <li>
        <a
          href="/login"
          onClick={[Function]}
        >
          Iniciar sesi√≥n
        </a>
      </li>
    </ul>
  </div>
</header>
`;
