// Jest Snapshot v1, https://goo.gl/fbAQLP

exports[`Register container Match snapshot 1`] = `
<section
  className="register"
>
  <section
    className="register__container"
  >
    <h2>
      Regístrate
    </h2>
    <form
      className="register__container--form"
      onSubmit={[Function]}
    >
      <input
        className="input"
        name="name"
        onChange={[Function]}
        placeholder="Nombre"
        required={true}
        type="text"
      />
      <input
        className="input"
        name="email"
        onChange={[Function]}
        placeholder="Correo"
        required={true}
        type="text"
      />
      <input
        className="input"
        name="password"
        onChange={[Function]}
        placeholder="Contraseña"
        required={true}
        type="password"
      />
      <button
        className="button"
        type="submit"
      >
        Registrarme
      </button>
    </form>
    <a
      href="/login"
      onClick={[Function]}
    >
      Iniciar sesión
    </a>
  </section>
</section>
`;
